// Jest Snapshot v1, https://goo.gl/fbAQLP

exports[`expect to make a snap shot for SelectInputField component 1`] = `ShallowWrapper {}`;
