// Jest Snapshot v1, https://goo.gl/fbAQLP

exports[`expect to make a snap shot of ContentCard component 1`] = `ShallowWrapper {}`;
