// Jest Snapshot v1, https://goo.gl/fbAQLP

exports[`expect to make a snap shot to H2Text component 1`] = `ShallowWrapper {}`;
